source length48: 28776 representative(s), 315 shards, 16 to run (796197 geometries), 2 workers, kmax=none, input sha256 f06153406d27128f89221d2c54dc53395e4e2e518e7ecbb1bf1f716a6c2213f1
    shard 298/315: 2570/49858 geometries, 66s
    shard 298/315: 4369/49858 geometries, 130s
    shard 298/315: 5397/49858 geometries, 207s
    shard 298/315: 5911/49858 geometries, 482s
    shard 298/315: 6939/49858 geometries, 546s
    shard 298/315: 7196/49858 geometries, 714s
    shard 298/315: 8995/49858 geometries, 797s
    shard 298/315: 10537/49858 geometries, 869s
    shard 298/315: 11822/49858 geometries, 936s
    shard 298/315: 13107/49858 geometries, 1003s
    shard 298/315: 14649/49858 geometries, 1068s
    shard 298/315: 17219/49858 geometries, 1188s
    shard 298/315: 18761/49858 geometries, 1252s
    shard 298/315: 19789/49858 geometries, 1321s
    shard 298/315: 20560/49858 geometries, 1392s
    shard 298/315: 22359/49858 geometries, 1483s
    shard 298/315: 22873/49858 geometries, 1546s
    shard 298/315: 24672/49858 geometries, 1608s
    shard 298/315: 25957/49858 geometries, 1673s
    shard 298/315: 27756/49858 geometries, 1758s
    shard 298/315: 28527/49858 geometries, 1861s
    shard 298/315: 28784/49858 geometries, 1956s
    shard 298/315: 29041/49858 geometries, 2056s
    shard 298/315: 29555/49858 geometries, 2125s
    shard 298/315: 30326/49858 geometries, 2200s
    shard 298/315: 30840/49858 geometries, 2275s
    shard 298/315: 31354/49858 geometries, 2449s
    shard 298/315: 31868/49858 geometries, 2512s
    shard 298/315: 32382/49858 geometries, 2579s
    shard 298/315: 32639/49858 geometries, 2657s
    shard 298/315: 33153/49858 geometries, 2719s
    shard 298/315: 33924/49858 geometries, 2813s
    shard 298/315: 34695/49858 geometries, 2880s
    shard 298/315: 35723/49858 geometries, 2969s
    shard 298/315: 37265/49858 geometries, 3034s
    shard 298/315: 39064/49858 geometries, 3100s
    shard 298/315: 41120/49858 geometries, 3162s
    shard 298/315: 41634/49858 geometries, 3240s
    shard 298/315: 42148/49858 geometries, 3301s
    shard 298/315: 43690/49858 geometries, 3364s
    shard 298/315: 44461/49858 geometries, 3486s
    shard 298/315: 45232/49858 geometries, 3568s
    shard 298/315: 46260/49858 geometries, 3658s
    shard 298/315: 46774/49858 geometries, 3737s
    shard 298/315: 48316/49858 geometries, 3807s
    shard 298/315: 48830/49858 geometries, 3887s
    shard 298/315: 49601/49858 geometries, 4007s
[1/16] shard 298: 194 reps (m=8..8), 49858 geometries, 14990 entries, max kappa 8, max mu 6, 4036.2s, FAILED 2  | 67.3 min elapsed, ~1008 min left
    shard 299/315: 771/49858 geometries, 95s
    shard 299/315: 1028/49858 geometries, 232s
    shard 299/315: 2056/49858 geometries, 300s
    shard 299/315: 2827/49858 geometries, 375s
    shard 299/315: 4112/49858 geometries, 456s
    shard 299/315: 5654/49858 geometries, 523s
    shard 299/315: 6168/49858 geometries, 586s
    shard 299/315: 7196/49858 geometries, 698s
    shard 299/315: 8224/49858 geometries, 759s
    shard 299/315: 8738/49858 geometries, 835s
    shard 299/315: 10023/49858 geometries, 898s
    shard 299/315: 10280/49858 geometries, 1014s
    shard 299/315: 11822/49858 geometries, 1107s
    shard 299/315: 13621/49858 geometries, 1176s
    shard 299/315: 14392/49858 geometries, 1237s
    shard 299/315: 15163/49858 geometries, 1301s
    shard 299/315: 16705/49858 geometries, 1361s
    shard 299/315: 18761/49858 geometries, 1426s
    shard 299/315: 20046/49858 geometries, 1521s
    shard 299/315: 20560/49858 geometries, 1603s
    shard 299/315: 21845/49858 geometries, 1672s
    shard 299/315: 22616/49858 geometries, 1751s
    shard 299/315: 24672/49858 geometries, 1816s
    shard 299/315: 25443/49858 geometries, 1881s
    shard 299/315: 26214/49858 geometries, 1943s
    shard 299/315: 27242/49858 geometries, 2018s
    shard 299/315: 27756/49858 geometries, 2082s
    shard 299/315: 28270/49858 geometries, 2185s
    shard 299/315: 29298/49858 geometries, 2256s
    shard 299/315: 29812/49858 geometries, 2360s
    shard 299/315: 31611/49858 geometries, 2436s
    shard 299/315: 31868/49858 geometries, 2507s
    shard 299/315: 32382/49858 geometries, 2571s
    shard 299/315: 35980/49858 geometries, 2644s
    shard 299/315: 37522/49858 geometries, 2763s
    shard 299/315: 38550/49858 geometries, 3119s
    shard 299/315: 39835/49858 geometries, 3180s
    shard 299/315: 40606/49858 geometries, 3279s
    shard 299/315: 41891/49858 geometries, 3339s
    shard 299/315: 42919/49858 geometries, 3422s
    shard 299/315: 44718/49858 geometries, 3483s
    shard 299/315: 45746/49858 geometries, 3544s
    shard 299/315: 46517/49858 geometries, 3608s
    shard 299/315: 46774/49858 geometries, 3713s
    shard 299/315: 47545/49858 geometries, 3778s
    shard 299/315: 47802/49858 geometries, 3853s
    shard 299/315: 48830/49858 geometries, 3914s
    shard 299/315: 49344/49858 geometries, 3978s
[2/16] shard 299: 194 reps (m=8..8), 49858 geometries, 18163 entries, max kappa 8, max mu 6, 4035.4s, FAILED 1  | 134.6 min elapsed, ~940 min left
    shard 300/315: 1028/49858 geometries, 72s
    shard 300/315: 4112/49858 geometries, 137s
    shard 300/315: 6425/49858 geometries, 220s
    shard 300/315: 7710/49858 geometries, 293s
    shard 300/315: 8995/49858 geometries, 354s
    shard 300/315: 10537/49858 geometries, 421s
    shard 300/315: 11822/49858 geometries, 520s
    shard 300/315: 12336/49858 geometries, 609s
    shard 300/315: 12850/49858 geometries, 730s
    shard 300/315: 13364/49858 geometries, 857s
    shard 300/315: 13878/49858 geometries, 917s
    shard 300/315: 14135/49858 geometries, 1194s
    shard 300/315: 14906/49858 geometries, 1277s
    shard 300/315: 15677/49858 geometries, 1353s
    shard 300/315: 16448/49858 geometries, 1433s
    shard 300/315: 16962/49858 geometries, 1515s
    shard 300/315: 17733/49858 geometries, 1677s
    shard 300/315: 17990/49858 geometries, 1778s
    shard 300/315: 18247/49858 geometries, 1900s
    shard 300/315: 18504/49858 geometries, 2782s
    shard 300/315: 19275/49858 geometries, 2874s
    shard 300/315: 19789/49858 geometries, 2940s
    shard 300/315: 20817/49858 geometries, 3006s
    shard 300/315: 22102/49858 geometries, 3066s
    shard 300/315: 22616/49858 geometries, 3199s
    shard 300/315: 23130/49858 geometries, 3263s
    shard 300/315: 24672/49858 geometries, 3324s
    shard 300/315: 25957/49858 geometries, 3406s
    shard 300/315: 26728/49858 geometries, 3470s
    shard 300/315: 27756/49858 geometries, 3560s
    shard 300/315: 29555/49858 geometries, 3641s
    shard 300/315: 31097/49858 geometries, 3703s
    shard 300/315: 32125/49858 geometries, 3776s
    shard 300/315: 32896/49858 geometries, 3839s
    shard 300/315: 33667/49858 geometries, 3929s
    shard 300/315: 34695/49858 geometries, 4027s
    shard 300/315: 35723/49858 geometries, 4088s
    shard 300/315: 36494/49858 geometries, 4165s
    shard 300/315: 37008/49858 geometries, 4232s
    shard 300/315: 38550/49858 geometries, 4301s
    shard 300/315: 39578/49858 geometries, 4378s
    shard 300/315: 41634/49858 geometries, 4484s
    shard 300/315: 42662/49858 geometries, 4587s
    shard 300/315: 43433/49858 geometries, 4725s
    shard 300/315: 43690/49858 geometries, 4850s
    shard 300/315: 43947/49858 geometries, 4911s
    shard 300/315: 44204/49858 geometries, 4972s
    shard 300/315: 44718/49858 geometries, 5059s
    shard 300/315: 45232/49858 geometries, 5119s
    shard 300/315: 46774/49858 geometries, 5185s
    shard 300/315: 47288/49858 geometries, 5245s
    shard 300/315: 48059/49858 geometries, 5331s
    shard 300/315: 48573/49858 geometries, 5424s
    shard 300/315: 49344/49858 geometries, 5613s
    shard 300/315: 49858/49858 geometries, 5742s
[3/16] shard 300: 194 reps (m=8..8), 49858 geometries, 21842 entries, max kappa 8, max mu 6, 5742.5s, FAILED 1  | 230.4 min elapsed, ~996 min left
    shard 301/315: 514/49858 geometries, 78s
    shard 301/315: 2056/49858 geometries, 244s
    shard 301/315: 3084/49858 geometries, 306s
    shard 301/315: 4369/49858 geometries, 369s
    shard 301/315: 4883/49858 geometries, 436s
    shard 301/315: 5140/49858 geometries, 552s
    shard 301/315: 5654/49858 geometries, 665s
    shard 301/315: 6425/49858 geometries, 737s
    shard 301/315: 6939/49858 geometries, 815s
    shard 301/315: 7453/49858 geometries, 888s
    shard 301/315: 8481/49858 geometries, 963s
    shard 301/315: 8995/49858 geometries, 1031s
    shard 301/315: 9252/49858 geometries, 1157s
    shard 301/315: 9766/49858 geometries, 1291s
    shard 301/315: 11051/49858 geometries, 1604s
    shard 301/315: 11565/49858 geometries, 1687s
    shard 301/315: 11822/49858 geometries, 1856s
    shard 301/315: 13107/49858 geometries, 1930s
    shard 301/315: 13878/49858 geometries, 2005s
    shard 301/315: 15677/49858 geometries, 2076s
    shard 301/315: 17476/49858 geometries, 2147s
    shard 301/315: 18504/49858 geometries, 2211s
    shard 301/315: 19018/49858 geometries, 2335s
    shard 301/315: 19275/49858 geometries, 2431s
    shard 301/315: 19532/49858 geometries, 2512s
    shard 301/315: 20046/49858 geometries, 2611s
    shard 301/315: 20560/49858 geometries, 2677s
    shard 301/315: 21845/49858 geometries, 2744s
    shard 301/315: 22616/49858 geometries, 2827s
    shard 301/315: 23644/49858 geometries, 2904s
    shard 301/315: 24929/49858 geometries, 2974s
    shard 301/315: 26214/49858 geometries, 3058s
    shard 301/315: 26985/49858 geometries, 3123s
    shard 301/315: 27499/49858 geometries, 3204s
    shard 301/315: 28270/49858 geometries, 3311s
    shard 301/315: 29812/49858 geometries, 3372s
    shard 301/315: 31354/49858 geometries, 3452s
    shard 301/315: 33153/49858 geometries, 3534s
    shard 301/315: 33924/49858 geometries, 3627s
    shard 301/315: 34438/49858 geometries, 3700s
    shard 301/315: 34952/49858 geometries, 3763s
    shard 301/315: 35980/49858 geometries, 3828s
    shard 301/315: 37008/49858 geometries, 3919s
    shard 301/315: 37522/49858 geometries, 3990s
    shard 301/315: 38036/49858 geometries, 4063s
    shard 301/315: 38293/49858 geometries, 4304s
    shard 301/315: 38550/49858 geometries, 4440s
    shard 301/315: 39578/49858 geometries, 4542s
    shard 301/315: 40863/49858 geometries, 4624s
    shard 301/315: 41891/49858 geometries, 4688s
    shard 301/315: 42662/49858 geometries, 4749s
    shard 301/315: 43947/49858 geometries, 4895s
    shard 301/315: 45232/49858 geometries, 4965s
    shard 301/315: 46517/49858 geometries, 5031s
    shard 301/315: 47802/49858 geometries, 5103s
    shard 301/315: 48573/49858 geometries, 5312s
    shard 301/315: 49087/49858 geometries, 5378s
    shard 301/315: 49858/49858 geometries, 5444s
[4/16] shard 301: 194 reps (m=8..8), 49858 geometries, 26381 entries, max kappa 8, max mu 6, 5443.7s, FAILED 4  | 321.3 min elapsed, ~961 min left
    shard 302/315: 1028/49787 geometries, 67s
    shard 302/315: 1799/49787 geometries, 136s
    shard 302/315: 2056/49787 geometries, 300s
    shard 302/315: 3084/49787 geometries, 371s
    shard 302/315: 4112/49787 geometries, 532s
    shard 302/315: 4369/49787 geometries, 759s
    shard 302/315: 4883/49787 geometries, 1017s
    shard 302/315: 6425/49787 geometries, 1106s
    shard 302/315: 6939/49787 geometries, 1184s
    shard 302/315: 7967/49787 geometries, 1263s
    shard 302/315: 9766/49787 geometries, 1328s
    shard 302/315: 10794/49787 geometries, 1390s
    shard 302/315: 11565/49787 geometries, 1479s
    shard 302/315: 11822/49787 geometries, 1550s
    shard 302/315: 12850/49787 geometries, 1614s
    shard 302/315: 13877/49787 geometries, 1811s
    shard 302/315: 14903/49787 geometries, 1939s
    shard 302/315: 15929/49787 geometries, 2114s
    shard 302/315: 16955/49787 geometries, 2308s
    shard 302/315: 17981/49787 geometries, 2503s
    shard 302/315: 19007/49787 geometries, 2692s
    shard 302/315: 20033/49787 geometries, 2803s
    shard 302/315: 20546/49787 geometries, 2896s
    shard 302/315: 21059/49787 geometries, 2988s
    shard 302/315: 21572/49787 geometries, 3082s
    shard 302/315: 22085/49787 geometries, 3181s
    shard 302/315: 22598/49787 geometries, 3271s
    shard 302/315: 23111/49787 geometries, 3370s
    shard 302/315: 23624/49787 geometries, 3457s
    shard 302/315: 24137/49787 geometries, 3566s
    shard 302/315: 24650/49787 geometries, 3641s
    shard 302/315: 25163/49787 geometries, 3757s
    shard 302/315: 25676/49787 geometries, 3828s
    shard 302/315: 26189/49787 geometries, 3945s
    shard 302/315: 26702/49787 geometries, 4021s
    shard 302/315: 27215/49787 geometries, 4132s
    shard 302/315: 27728/49787 geometries, 4208s
    shard 302/315: 28241/49787 geometries, 4321s
    shard 302/315: 28754/49787 geometries, 4403s
    shard 302/315: 29267/49787 geometries, 4509s
    shard 302/315: 29780/49787 geometries, 4590s
    shard 302/315: 30293/49787 geometries, 4693s
    shard 302/315: 30806/49787 geometries, 4777s
    shard 302/315: 31319/49787 geometries, 4878s
    shard 302/315: 31832/49787 geometries, 4960s
    shard 302/315: 32345/49787 geometries, 5065s
    shard 302/315: 32858/49787 geometries, 5143s
    shard 302/315: 33371/49787 geometries, 5252s
    shard 302/315: 33884/49787 geometries, 5330s
    shard 302/315: 34397/49787 geometries, 5433s
    shard 302/315: 34910/49787 geometries, 5511s
    shard 302/315: 35423/49787 geometries, 5625s
    shard 302/315: 35936/49787 geometries, 5699s
    shard 302/315: 36449/49787 geometries, 5808s
    shard 302/315: 36962/49787 geometries, 5884s
    shard 302/315: 37475/49787 geometries, 5993s
    shard 302/315: 37988/49787 geometries, 6075s
    shard 302/315: 38501/49787 geometries, 6173s
    shard 302/315: 39014/49787 geometries, 6256s
    shard 302/315: 39527/49787 geometries, 6361s
    shard 302/315: 40040/49787 geometries, 6446s
    shard 302/315: 40553/49787 geometries, 6545s
    shard 302/315: 41066/49787 geometries, 6633s
    shard 302/315: 41579/49787 geometries, 6731s
    shard 302/315: 42092/49787 geometries, 6823s
    shard 302/315: 42605/49787 geometries, 6914s
    shard 302/315: 43118/49787 geometries, 7006s
    shard 302/315: 43631/49787 geometries, 7099s
    shard 302/315: 44144/49787 geometries, 7189s
    shard 302/315: 44657/49787 geometries, 7291s
    shard 302/315: 45170/49787 geometries, 7379s
    shard 302/315: 45683/49787 geometries, 7476s
    shard 302/315: 46196/49787 geometries, 7567s
    shard 302/315: 46709/49787 geometries, 7669s
    shard 302/315: 47222/49787 geometries, 7755s
    shard 302/315: 47735/49787 geometries, 7855s
    shard 302/315: 48248/49787 geometries, 7940s
    shard 302/315: 48761/49787 geometries, 8043s
    shard 302/315: 49274/49787 geometries, 8127s
    shard 302/315: 49787/49787 geometries, 8221s
[5/16] shard 302: 123 reps (m=8..9), 49787 geometries, 9059 entries, max kappa 8, max mu 6, 8220.8s  | 458.3 min elapsed, ~1006 min left
    shard 303/315: 513/49761 geometries, 186s
    shard 303/315: 1539/49761 geometries, 373s
    shard 303/315: 2565/49761 geometries, 591s
    shard 303/315: 3591/49761 geometries, 828s
    shard 303/315: 4617/49761 geometries, 1062s
    shard 303/315: 5643/49761 geometries, 1257s
    shard 303/315: 6669/49761 geometries, 1442s
    shard 303/315: 7695/49761 geometries, 1628s
    shard 303/315: 8721/49761 geometries, 1814s
    shard 303/315: 9747/49761 geometries, 2000s
    shard 303/315: 10773/49761 geometries, 2186s
    shard 303/315: 11799/49761 geometries, 2369s
    shard 303/315: 12825/49761 geometries, 2555s
    shard 303/315: 13851/49761 geometries, 2740s
    shard 303/315: 14877/49761 geometries, 2925s
    shard 303/315: 15903/49761 geometries, 3109s
    shard 303/315: 16929/49761 geometries, 3296s
    shard 303/315: 17955/49761 geometries, 3484s
    shard 303/315: 18981/49761 geometries, 3678s
    shard 303/315: 20007/49761 geometries, 3864s
    shard 303/315: 21033/49761 geometries, 4051s
    shard 303/315: 22059/49761 geometries, 4239s
    shard 303/315: 23085/49761 geometries, 4454s
    shard 303/315: 24111/49761 geometries, 4682s
    shard 303/315: 25137/49761 geometries, 4894s
    shard 303/315: 26163/49761 geometries, 5116s
    shard 303/315: 27189/49761 geometries, 5330s
    shard 303/315: 28215/49761 geometries, 5552s
    shard 303/315: 29241/49761 geometries, 5767s
    shard 303/315: 30267/49761 geometries, 5980s
    shard 303/315: 31293/49761 geometries, 6198s
    shard 303/315: 32319/49761 geometries, 6418s
    shard 303/315: 33345/49761 geometries, 6630s
    shard 303/315: 34371/49761 geometries, 6866s
    shard 303/315: 35397/49761 geometries, 7092s
    shard 303/315: 36423/49761 geometries, 7191s
    shard 303/315: 36936/49761 geometries, 7302s
    shard 303/315: 37449/49761 geometries, 7383s
    shard 303/315: 38475/49761 geometries, 7470s
    shard 303/315: 40014/49761 geometries, 7575s
    shard 303/315: 41040/49761 geometries, 7706s
    shard 303/315: 41553/49761 geometries, 7776s
    shard 303/315: 42066/49761 geometries, 7892s
    shard 303/315: 42579/49761 geometries, 7971s
    shard 303/315: 43605/49761 geometries, 8086s
    shard 303/315: 45144/49761 geometries, 8178s
    shard 303/315: 46683/49761 geometries, 8253s
    shard 303/315: 48222/49761 geometries, 8354s
    shard 303/315: 49761/49761 geometries, 8452s
[6/16] shard 303: 97 reps (m=9..9), 49761 geometries, 5459 entries, max kappa 8, max mu 5, 8452.3s  | 599.2 min elapsed, ~997 min left
    shard 304/315: 1539/49761 geometries, 82s
    shard 304/315: 2052/49761 geometries, 159s
    shard 304/315: 3078/49761 geometries, 242s
    shard 304/315: 4104/49761 geometries, 387s
    shard 304/315: 4617/49761 geometries, 495s
    shard 304/315: 5130/49761 geometries, 568s
    shard 304/315: 5643/49761 geometries, 674s
    shard 304/315: 6156/49761 geometries, 751s
    shard 304/315: 6669/49761 geometries, 857s
    shard 304/315: 7182/49761 geometries, 932s
    shard 304/315: 7695/49761 geometries, 1047s
    shard 304/315: 8208/49761 geometries, 1119s
    shard 304/315: 8721/49761 geometries, 1232s
    shard 304/315: 10260/49761 geometries, 1306s
    shard 304/315: 11286/49761 geometries, 1481s
    shard 304/315: 12312/49761 geometries, 1669s
    shard 304/315: 13338/49761 geometries, 1862s
    shard 304/315: 14364/49761 geometries, 2055s
    shard 304/315: 15390/49761 geometries, 2198s
    shard 304/315: 16416/49761 geometries, 2280s
    shard 304/315: 17442/49761 geometries, 2371s
    shard 304/315: 19494/49761 geometries, 2432s
    shard 304/315: 20007/49761 geometries, 2600s
    shard 304/315: 21033/49761 geometries, 2785s
    shard 304/315: 22059/49761 geometries, 2968s
    shard 304/315: 23085/49761 geometries, 3043s
    shard 304/315: 23598/49761 geometries, 3174s
    shard 304/315: 24111/49761 geometries, 3268s
    shard 304/315: 24624/49761 geometries, 3396s
    shard 304/315: 25137/49761 geometries, 3487s
    shard 304/315: 25650/49761 geometries, 3613s
    shard 304/315: 26163/49761 geometries, 3705s
    shard 304/315: 26676/49761 geometries, 3827s
    shard 304/315: 27189/49761 geometries, 3922s
    shard 304/315: 29241/49761 geometries, 4042s
    shard 304/315: 30267/49761 geometries, 4135s
    shard 304/315: 31806/49761 geometries, 4236s
    shard 304/315: 34371/49761 geometries, 4320s
    shard 304/315: 36936/49761 geometries, 4381s
    shard 304/315: 37962/49761 geometries, 4505s
    shard 304/315: 38475/49761 geometries, 4620s
    shard 304/315: 38988/49761 geometries, 4718s
    shard 304/315: 39501/49761 geometries, 4833s
    shard 304/315: 40014/49761 geometries, 4934s
    shard 304/315: 40527/49761 geometries, 5048s
    shard 304/315: 41040/49761 geometries, 5147s
    shard 304/315: 41553/49761 geometries, 5260s
    shard 304/315: 42066/49761 geometries, 5359s
    shard 304/315: 42579/49761 geometries, 5474s
    shard 304/315: 43092/49761 geometries, 5580s
    shard 304/315: 43605/49761 geometries, 5702s
    shard 304/315: 44118/49761 geometries, 5806s
    shard 304/315: 44631/49761 geometries, 5925s
    shard 304/315: 45144/49761 geometries, 6023s
    shard 304/315: 45657/49761 geometries, 6138s
    shard 304/315: 46170/49761 geometries, 6235s
    shard 304/315: 46683/49761 geometries, 6351s
    shard 304/315: 47196/49761 geometries, 6456s
    shard 304/315: 47709/49761 geometries, 6573s
    shard 304/315: 48222/49761 geometries, 6680s
    shard 304/315: 48735/49761 geometries, 6771s
    shard 304/315: 49248/49761 geometries, 6859s
    shard 304/315: 49761/49761 geometries, 6945s
[7/16] shard 304: 97 reps (m=9..9), 49761 geometries, 7409 entries, max kappa 8, max mu 5, 6945.4s  | 715.0 min elapsed, ~917 min left
    shard 305/315: 513/49761 geometries, 179s
    shard 305/315: 1539/49761 geometries, 361s
    shard 305/315: 2565/49761 geometries, 545s
    shard 305/315: 3591/49761 geometries, 729s
    shard 305/315: 4617/49761 geometries, 908s
    shard 305/315: 5643/49761 geometries, 1099s
    shard 305/315: 6669/49761 geometries, 1282s
    shard 305/315: 7695/49761 geometries, 1465s
    shard 305/315: 8721/49761 geometries, 1644s
    shard 305/315: 9747/49761 geometries, 1825s
    shard 305/315: 10773/49761 geometries, 2003s
    shard 305/315: 11799/49761 geometries, 2186s
    shard 305/315: 12825/49761 geometries, 2365s
    shard 305/315: 13851/49761 geometries, 2548s
    shard 305/315: 14877/49761 geometries, 2728s
    shard 305/315: 15903/49761 geometries, 2910s
    shard 305/315: 16929/49761 geometries, 3087s
    shard 305/315: 17955/49761 geometries, 3269s
    shard 305/315: 18981/49761 geometries, 3469s
    shard 305/315: 20007/49761 geometries, 3678s
    shard 305/315: 21033/49761 geometries, 3890s
    shard 305/315: 22059/49761 geometries, 4100s
    shard 305/315: 23085/49761 geometries, 4307s
    shard 305/315: 24111/49761 geometries, 4517s
    shard 305/315: 25137/49761 geometries, 4734s
    shard 305/315: 26163/49761 geometries, 4945s
    shard 305/315: 27189/49761 geometries, 5155s
    shard 305/315: 28215/49761 geometries, 5362s
    shard 305/315: 29241/49761 geometries, 5568s
    shard 305/315: 30267/49761 geometries, 5782s
    shard 305/315: 31293/49761 geometries, 6002s
    shard 305/315: 32319/49761 geometries, 6211s
    shard 305/315: 33345/49761 geometries, 6418s
    shard 305/315: 34371/49761 geometries, 6629s
    shard 305/315: 35397/49761 geometries, 6850s
    shard 305/315: 36423/49761 geometries, 7043s
    shard 305/315: 37962/49761 geometries, 7115s
    shard 305/315: 38988/49761 geometries, 7208s
    shard 305/315: 40014/49761 geometries, 7289s
    shard 305/315: 41040/49761 geometries, 7397s
    shard 305/315: 41553/49761 geometries, 7507s
    shard 305/315: 42066/49761 geometries, 7575s
    shard 305/315: 42579/49761 geometries, 7684s
    shard 305/315: 43092/49761 geometries, 7758s
    shard 305/315: 43605/49761 geometries, 7864s
    shard 305/315: 44118/49761 geometries, 7959s
    shard 305/315: 44631/49761 geometries, 8028s
    shard 305/315: 45144/49761 geometries, 8138s
    shard 305/315: 46170/49761 geometries, 8317s
    shard 305/315: 46683/49761 geometries, 8407s
    shard 305/315: 47196/49761 geometries, 8599s
    shard 305/315: 48735/49761 geometries, 8663s
    shard 305/315: 49761/49761 geometries, 8837s
[8/16] shard 305: 97 reps (m=9..9), 49761 geometries, 2199 entries, max kappa 8, max mu 6, 8837.4s  | 862.3 min elapsed, ~861 min left
    shard 306/315: 513/49761 geometries, 181s
    shard 306/315: 1539/49761 geometries, 252s
    shard 306/315: 2565/49761 geometries, 327s
    shard 306/315: 5130/49761 geometries, 422s
    shard 306/315: 6156/49761 geometries, 487s
    shard 306/315: 6669/49761 geometries, 668s
    shard 306/315: 7695/49761 geometries, 767s
    shard 306/315: 8208/49761 geometries, 845s
    shard 306/315: 9234/49761 geometries, 958s
    shard 306/315: 9747/49761 geometries, 1372s
    shard 306/315: 10260/49761 geometries, 1459s
    shard 306/315: 11799/49761 geometries, 1670s
    shard 306/315: 12825/49761 geometries, 1882s
    shard 306/315: 13851/49761 geometries, 2096s
    shard 306/315: 15390/49761 geometries, 2211s
    shard 306/315: 15903/49761 geometries, 2307s
    shard 306/315: 16416/49761 geometries, 2421s
    shard 306/315: 16929/49761 geometries, 2518s
    shard 306/315: 17442/49761 geometries, 2632s
    shard 306/315: 17955/49761 geometries, 2847s
    shard 306/315: 18468/49761 geometries, 3064s
    shard 306/315: 18981/49761 geometries, 3137s
    shard 306/315: 19494/49761 geometries, 3278s
    shard 306/315: 20007/49761 geometries, 3352s
    shard 306/315: 20520/49761 geometries, 3491s
    shard 306/315: 21033/49761 geometries, 3570s
    shard 306/315: 21546/49761 geometries, 3709s
    shard 306/315: 22059/49761 geometries, 3781s
    shard 306/315: 22572/49761 geometries, 3919s
    shard 306/315: 23085/49761 geometries, 3991s
    shard 306/315: 23598/49761 geometries, 4098s
    shard 306/315: 24624/49761 geometries, 4197s
    shard 306/315: 25650/49761 geometries, 4285s
    shard 306/315: 26163/49761 geometries, 4367s
    shard 306/315: 26676/49761 geometries, 4433s
    shard 306/315: 28215/49761 geometries, 4543s
    shard 306/315: 28728/49761 geometries, 4614s
    shard 306/315: 29241/49761 geometries, 4689s
    shard 306/315: 30780/49761 geometries, 4759s
    shard 306/315: 31293/49761 geometries, 4849s
    shard 306/315: 32319/49761 geometries, 5370s
    shard 306/315: 32832/49761 geometries, 5484s
    shard 306/315: 33345/49761 geometries, 5554s
    shard 306/315: 33858/49761 geometries, 5668s
    shard 306/315: 34371/49761 geometries, 5739s
    shard 306/315: 34884/49761 geometries, 5852s
    shard 306/315: 36936/49761 geometries, 5922s
    shard 306/315: 37449/49761 geometries, 6080s
    shard 306/315: 38475/49761 geometries, 6265s
    shard 306/315: 39501/49761 geometries, 6450s
    shard 306/315: 40527/49761 geometries, 6634s
    shard 306/315: 41553/49761 geometries, 6815s
    shard 306/315: 42579/49761 geometries, 7002s
    shard 306/315: 43605/49761 geometries, 7186s
    shard 306/315: 44631/49761 geometries, 7368s
    shard 306/315: 45657/49761 geometries, 7550s
    shard 306/315: 46683/49761 geometries, 7731s
    shard 306/315: 48735/49761 geometries, 7795s
    shard 306/315: 49248/49761 geometries, 7949s
[9/16] shard 306: 97 reps (m=9..9), 49761 geometries, 4115 entries, max kappa 8, max mu 6, 7977.6s  | 995.3 min elapsed, ~773 min left
    shard 307/315: 513/49246 geometries, 186s
    shard 307/315: 1539/49246 geometries, 370s
    shard 307/315: 2565/49246 geometries, 551s
    shard 307/315: 3591/49246 geometries, 735s
    shard 307/315: 4617/49246 geometries, 919s
    shard 307/315: 5643/49246 geometries, 1127s
    shard 307/315: 6669/49246 geometries, 1345s
    shard 307/315: 7695/49246 geometries, 1564s
    shard 307/315: 8721/49246 geometries, 1775s
    shard 307/315: 9747/49246 geometries, 1988s
    shard 307/315: 10773/49246 geometries, 2204s
    shard 307/315: 11799/49246 geometries, 2422s
    shard 307/315: 12825/49246 geometries, 2645s
    shard 307/315: 13851/49246 geometries, 2858s
    shard 307/315: 14877/49246 geometries, 3071s
    shard 307/315: 15903/49246 geometries, 3282s
    shard 307/315: 16929/49246 geometries, 3507s
    shard 307/315: 17955/49246 geometries, 3735s
    shard 307/315: 18981/49246 geometries, 3953s
    shard 307/315: 20007/49246 geometries, 4166s
    shard 307/315: 21033/49246 geometries, 4382s
    shard 307/315: 22059/49246 geometries, 4601s
    shard 307/315: 23085/49246 geometries, 4790s
    shard 307/315: 24111/49246 geometries, 4982s
    shard 307/315: 25137/49246 geometries, 5167s
    shard 307/315: 26163/49246 geometries, 5348s
    shard 307/315: 27189/49246 geometries, 5534s
    shard 307/315: 28215/49246 geometries, 5716s
    shard 307/315: 29241/49246 geometries, 5907s
    shard 307/315: 30267/49246 geometries, 6087s
    shard 307/315: 32319/49246 geometries, 6178s
    shard 307/315: 33345/49246 geometries, 6240s
    shard 307/315: 34884/49246 geometries, 6308s
    shard 307/315: 35910/49246 geometries, 6518s
    shard 307/315: 36936/49246 geometries, 6706s
    shard 307/315: 38475/49246 geometries, 6827s
    shard 307/315: 40527/49246 geometries, 6904s
    shard 307/315: 43605/49246 geometries, 6979s
    shard 307/315: 46170/49246 geometries, 7109s
    shard 307/315: 47708/49246 geometries, 7191s
    shard 307/315: 49246/49246 geometries, 7499s
[10/16] shard 307: 94 reps (m=9..10), 49246 geometries, 2133 entries, max kappa 8, max mu 6, 7499.0s  | 1120.3 min elapsed, ~673 min left
    shard 308/315: 2562/49809 geometries, 69s
    shard 308/315: 5637/49809 geometries, 174s
    shard 308/315: 7687/49809 geometries, 264s
    shard 308/315: 9737/49809 geometries, 338s
    shard 308/315: 10762/49809 geometries, 403s
    shard 308/315: 12812/49809 geometries, 488s
    shard 308/315: 14862/49809 geometries, 557s
    shard 308/315: 16656/49809 geometries, 1343s
    shard 308/315: 16913/49809 geometries, 2615s
    shard 308/315: 17170/49809 geometries, 3072s
    shard 308/315: 17427/49809 geometries, 3332s
    shard 308/315: 17684/49809 geometries, 4241s
    shard 308/315: 17941/49809 geometries, 4559s
    shard 308/315: 18198/49809 geometries, 5144s
    shard 308/315: 18455/49809 geometries, 5399s
    shard 308/315: 18712/49809 geometries, 5475s
    shard 308/315: 18969/49809 geometries, 5788s
    shard 308/315: 19226/49809 geometries, 5942s
    shard 308/315: 19740/49809 geometries, 6045s
    shard 308/315: 19997/49809 geometries, 6190s
    shard 308/315: 20254/49809 geometries, 6336s
    shard 308/315: 20511/49809 geometries, 6609s
    shard 308/315: 20768/49809 geometries, 6863s
    shard 308/315: 21025/49809 geometries, 7193s
    shard 308/315: 21282/49809 geometries, 7324s
    shard 308/315: 21796/49809 geometries, 7458s
    shard 308/315: 22053/49809 geometries, 7531s
    shard 308/315: 22567/49809 geometries, 7629s
    shard 308/315: 22824/49809 geometries, 7723s
    shard 308/315: 23338/49809 geometries, 7875s
    shard 308/315: 23595/49809 geometries, 8026s
    shard 308/315: 23852/49809 geometries, 8126s
    shard 308/315: 24109/49809 geometries, 8282s
    shard 308/315: 24623/49809 geometries, 8369s
    shard 308/315: 25137/49809 geometries, 8437s
    shard 308/315: 25394/49809 geometries, 8590s
    shard 308/315: 25651/49809 geometries, 8680s
    shard 308/315: 25908/49809 geometries, 8848s
    shard 308/315: 26165/49809 geometries, 9838s
    shard 308/315: 26422/49809 geometries, 9922s
    shard 308/315: 26936/49809 geometries, 10259s
    shard 308/315: 27193/49809 geometries, 10320s
    shard 308/315: 27450/49809 geometries, 10533s
    shard 308/315: 27707/49809 geometries, 10706s
    shard 308/315: 28221/49809 geometries, 10966s
    shard 308/315: 28478/49809 geometries, 11026s
    shard 308/315: 28735/49809 geometries, 11964s
    shard 308/315: 28992/49809 geometries, 12606s
    shard 308/315: 29249/49809 geometries, 12720s
    shard 308/315: 29506/49809 geometries, 12837s
    shard 308/315: 29763/49809 geometries, 12925s
    shard 308/315: 30020/49809 geometries, 13013s
    shard 308/315: 31305/49809 geometries, 13152s
    shard 308/315: 31562/49809 geometries, 13215s
    shard 308/315: 31819/49809 geometries, 13278s
    shard 308/315: 32076/49809 geometries, 13351s
    shard 308/315: 32333/49809 geometries, 13424s
    shard 308/315: 32590/49809 geometries, 13514s
    shard 308/315: 33104/49809 geometries, 13624s
    shard 308/315: 33618/49809 geometries, 13747s
    shard 308/315: 34132/49809 geometries, 14077s
    shard 308/315: 35160/49809 geometries, 14278s
    shard 308/315: 35931/49809 geometries, 14618s
    shard 308/315: 36188/49809 geometries, 14680s
    shard 308/315: 36445/49809 geometries, 14826s
    shard 308/315: 36959/49809 geometries, 14904s
    shard 308/315: 37216/49809 geometries, 15259s
    shard 308/315: 37473/49809 geometries, 15383s
    shard 308/315: 37730/49809 geometries, 15450s
    shard 308/315: 37987/49809 geometries, 15541s
    shard 308/315: 38501/49809 geometries, 15626s
    shard 308/315: 39015/49809 geometries, 15717s
    shard 308/315: 39529/49809 geometries, 15814s
    shard 308/315: 40043/49809 geometries, 15914s
    shard 308/315: 40814/49809 geometries, 16044s
    shard 308/315: 41071/49809 geometries, 16129s
    shard 308/315: 41585/49809 geometries, 16239s
    shard 308/315: 41842/49809 geometries, 16440s
    shard 308/315: 42356/49809 geometries, 16533s
    shard 308/315: 42870/49809 geometries, 16626s
    shard 308/315: 43384/49809 geometries, 16697s
    shard 308/315: 43641/49809 geometries, 17233s
    shard 308/315: 43898/49809 geometries, 17317s
    shard 308/315: 44155/49809 geometries, 17551s
    shard 308/315: 44412/49809 geometries, 17638s
    shard 308/315: 44669/49809 geometries, 17719s
    shard 308/315: 44926/49809 geometries, 17832s
    shard 308/315: 45183/49809 geometries, 17893s
    shard 308/315: 45440/49809 geometries, 17997s
    shard 308/315: 45954/49809 geometries, 18105s
    shard 308/315: 46211/49809 geometries, 18320s
    shard 308/315: 46468/49809 geometries, 18386s
    shard 308/315: 46982/49809 geometries, 18469s
    shard 308/315: 47239/49809 geometries, 18606s
    shard 308/315: 47496/49809 geometries, 18768s
    shard 308/315: 48010/49809 geometries, 18830s
    shard 308/315: 48267/49809 geometries, 19066s
    shard 308/315: 49038/49809 geometries, 19264s
    shard 308/315: 49295/49809 geometries, 19366s
    shard 308/315: 49552/49809 geometries, 19618s
    shard 308/315: 49809/49809 geometries, 19714s
[11/16] shard 308: 145 reps (m=10..8), 49809 geometries, 21064 entries, max kappa 9, max mu 7, 19713.9s, FAILED 7  | 1448.9 min elapsed, ~659 min left
    shard 309/315: 514/49858 geometries, 71s
    shard 309/315: 1028/49858 geometries, 135s
    shard 309/315: 1285/49858 geometries, 230s
    shard 309/315: 1799/49858 geometries, 328s
    shard 309/315: 2313/49858 geometries, 420s
    shard 309/315: 2570/49858 geometries, 564s
    shard 309/315: 2827/49858 geometries, 633s
    shard 309/315: 3084/49858 geometries, 705s
    shard 309/315: 3598/49858 geometries, 820s
    shard 309/315: 4112/49858 geometries, 906s
    shard 309/315: 4369/49858 geometries, 1042s
    shard 309/315: 4626/49858 geometries, 1144s
    shard 309/315: 4883/49858 geometries, 1266s
    shard 309/315: 5654/49858 geometries, 1421s
    shard 309/315: 6425/49858 geometries, 1820s
    shard 309/315: 6682/49858 geometries, 2056s
    shard 309/315: 6939/49858 geometries, 2151s
    shard 309/315: 7196/49858 geometries, 2249s
    shard 309/315: 7710/49858 geometries, 2349s
    shard 309/315: 7967/49858 geometries, 2444s
    shard 309/315: 8481/49858 geometries, 2651s
    shard 309/315: 8738/49858 geometries, 2791s
    shard 309/315: 9252/49858 geometries, 2872s
    shard 309/315: 10023/49858 geometries, 3033s
    shard 309/315: 10537/49858 geometries, 3094s
    shard 309/315: 11051/49858 geometries, 3229s
    shard 309/315: 11822/49858 geometries, 3367s
    shard 309/315: 12593/49858 geometries, 3445s
    shard 309/315: 13364/49858 geometries, 3539s
    shard 309/315: 13621/49858 geometries, 3748s
    shard 309/315: 14135/49858 geometries, 3961s
    shard 309/315: 14649/49858 geometries, 4087s
    shard 309/315: 15163/49858 geometries, 4203s
    shard 309/315: 15934/49858 geometries, 4265s
    shard 309/315: 16191/49858 geometries, 4346s
    shard 309/315: 16962/49858 geometries, 4417s
    shard 309/315: 17219/49858 geometries, 4479s
    shard 309/315: 17733/49858 geometries, 4654s
    shard 309/315: 18247/49858 geometries, 4730s
    shard 309/315: 19018/49858 geometries, 4903s
    shard 309/315: 19532/49858 geometries, 4973s
    shard 309/315: 20046/49858 geometries, 5182s
    shard 309/315: 20817/49858 geometries, 5250s
    shard 309/315: 21845/49858 geometries, 5414s
    shard 309/315: 22359/49858 geometries, 5491s
    shard 309/315: 22616/49858 geometries, 5555s
    shard 309/315: 23130/49858 geometries, 5659s
    shard 309/315: 23387/49858 geometries, 5747s
    shard 309/315: 23901/49858 geometries, 5808s
    shard 309/315: 25443/49858 geometries, 5885s
    shard 309/315: 26728/49858 geometries, 5962s
    shard 309/315: 27499/49858 geometries, 6042s
    shard 309/315: 27756/49858 geometries, 6311s
    shard 309/315: 28013/49858 geometries, 6394s
    shard 309/315: 28270/49858 geometries, 6458s
    shard 309/315: 28784/49858 geometries, 6575s
    shard 309/315: 30069/49858 geometries, 6713s
    shard 309/315: 30326/49858 geometries, 6818s
    shard 309/315: 30840/49858 geometries, 7140s
    shard 309/315: 31354/49858 geometries, 7302s
    shard 309/315: 31611/49858 geometries, 7372s
    shard 309/315: 32125/49858 geometries, 7470s
    shard 309/315: 32382/49858 geometries, 7542s
    shard 309/315: 33410/49858 geometries, 7705s
    shard 309/315: 33667/49858 geometries, 7835s
    shard 309/315: 34438/49858 geometries, 7908s
    shard 309/315: 34952/49858 geometries, 7975s
    shard 309/315: 35466/49858 geometries, 8138s
    shard 309/315: 36237/49858 geometries, 8221s
    shard 309/315: 36751/49858 geometries, 8284s
    shard 309/315: 37008/49858 geometries, 8372s
    shard 309/315: 37265/49858 geometries, 8550s
    shard 309/315: 37522/49858 geometries, 8706s
    shard 309/315: 37779/49858 geometries, 8855s
    shard 309/315: 38293/49858 geometries, 9000s
    shard 309/315: 38807/49858 geometries, 9083s
    shard 309/315: 39321/49858 geometries, 9176s
    shard 309/315: 39578/49858 geometries, 9243s
    shard 309/315: 40092/49858 geometries, 9349s
    shard 309/315: 40606/49858 geometries, 9411s
    shard 309/315: 41377/49858 geometries, 9527s
    shard 309/315: 41891/49858 geometries, 9618s
    shard 309/315: 42405/49858 geometries, 9693s
    shard 309/315: 43176/49858 geometries, 9766s
    shard 309/315: 43433/49858 geometries, 9839s
    shard 309/315: 44204/49858 geometries, 9915s
    shard 309/315: 44461/49858 geometries, 9998s
    shard 309/315: 44975/49858 geometries, 10081s
    shard 309/315: 45746/49858 geometries, 10223s
    shard 309/315: 46260/49858 geometries, 10356s
    shard 309/315: 47288/49858 geometries, 10437s
    shard 309/315: 48059/49858 geometries, 10516s
    shard 309/315: 48573/49858 geometries, 10582s
    shard 309/315: 49087/49858 geometries, 10692s
    shard 309/315: 49344/49858 geometries, 10796s
    shard 309/315: 49858/49858 geometries, 11426s
[12/16] shard 309: 194 reps (m=8..8), 49858 geometries, 39177 entries, max kappa 9, max mu 6, 11426.6s, FAILED 11  | 1639.4 min elapsed, ~546 min left
    shard 310/315: 257/49858 geometries, 72s
    shard 310/315: 1542/49858 geometries, 166s
    shard 310/315: 1799/49858 geometries, 229s
    shard 310/315: 2313/49858 geometries, 314s
    shard 310/315: 3084/49858 geometries, 424s
    shard 310/315: 3855/49858 geometries, 501s
    shard 310/315: 4112/49858 geometries, 678s
    shard 310/315: 5397/49858 geometries, 823s
    shard 310/315: 5654/49858 geometries, 924s
    shard 310/315: 6168/49858 geometries, 1257s
    shard 310/315: 7196/49858 geometries, 1850s
    shard 310/315: 7453/49858 geometries, 2057s
    shard 310/315: 7710/49858 geometries, 2390s
    shard 310/315: 8224/49858 geometries, 2465s
    shard 310/315: 8481/49858 geometries, 2676s
    shard 310/315: 8995/49858 geometries, 3386s
    shard 310/315: 9509/49858 geometries, 3769s
    shard 310/315: 10023/49858 geometries, 4053s
    shard 310/315: 10280/49858 geometries, 4125s
    shard 310/315: 10537/49858 geometries, 4386s
    shard 310/315: 11051/49858 geometries, 4671s
    shard 310/315: 11308/49858 geometries, 4818s
    shard 310/315: 12079/49858 geometries, 4917s
    shard 310/315: 12850/49858 geometries, 5005s
    shard 310/315: 13364/49858 geometries, 5395s
    shard 310/315: 13621/49858 geometries, 5481s
    shard 310/315: 13878/49858 geometries, 5556s
    shard 310/315: 14649/49858 geometries, 5629s
    shard 310/315: 15163/49858 geometries, 5718s
    shard 310/315: 15677/49858 geometries, 5783s
    shard 310/315: 16448/49858 geometries, 5987s
    shard 310/315: 16962/49858 geometries, 6070s
    shard 310/315: 17990/49858 geometries, 6135s
    shard 310/315: 18504/49858 geometries, 6200s
    shard 310/315: 19018/49858 geometries, 6282s
    shard 310/315: 19275/49858 geometries, 6352s
    shard 310/315: 19532/49858 geometries, 6558s
    shard 310/315: 19789/49858 geometries, 6632s
    shard 310/315: 20046/49858 geometries, 7012s
    shard 310/315: 20303/49858 geometries, 7086s
    shard 310/315: 20817/49858 geometries, 7176s
    shard 310/315: 21588/49858 geometries, 7341s
    shard 310/315: 21845/49858 geometries, 7566s
    shard 310/315: 22102/49858 geometries, 7649s
    shard 310/315: 22616/49858 geometries, 7722s
    shard 310/315: 23387/49858 geometries, 7915s
    shard 310/315: 23901/49858 geometries, 8045s
    shard 310/315: 24672/49858 geometries, 8113s
    shard 310/315: 25443/49858 geometries, 8187s
    shard 310/315: 25957/49858 geometries, 8292s
    shard 310/315: 26214/49858 geometries, 8377s
    shard 310/315: 26471/49858 geometries, 8443s
    shard 310/315: 27499/49858 geometries, 8532s
    shard 310/315: 28013/49858 geometries, 8604s
    shard 310/315: 28527/49858 geometries, 8812s
    shard 310/315: 29041/49858 geometries, 9015s
    shard 310/315: 29555/49858 geometries, 9090s
    shard 310/315: 30069/49858 geometries, 9185s
    shard 310/315: 30583/49858 geometries, 9266s
    shard 310/315: 31097/49858 geometries, 9371s
    shard 310/315: 31354/49858 geometries, 9532s
    shard 310/315: 31868/49858 geometries, 9724s
    shard 310/315: 32125/49858 geometries, 9838s
    shard 310/315: 32639/49858 geometries, 9974s
    shard 310/315: 32896/49858 geometries, 10210s
    shard 310/315: 33153/49858 geometries, 10395s
    shard 310/315: 35209/49858 geometries, 10458s
    shard 310/315: 36494/49858 geometries, 10554s
    shard 310/315: 36751/49858 geometries, 10626s
    shard 310/315: 37522/49858 geometries, 10733s
    shard 310/315: 37779/49858 geometries, 10804s
    shard 310/315: 38550/49858 geometries, 10957s
    shard 310/315: 39064/49858 geometries, 11095s
    shard 310/315: 39578/49858 geometries, 11157s
    shard 310/315: 39835/49858 geometries, 11299s
    shard 310/315: 40606/49858 geometries, 11448s
    shard 310/315: 41377/49858 geometries, 11531s
    shard 310/315: 42148/49858 geometries, 11624s
    shard 310/315: 42662/49858 geometries, 11696s
    shard 310/315: 42919/49858 geometries, 11866s
    shard 310/315: 43176/49858 geometries, 12064s
    shard 310/315: 43433/49858 geometries, 12259s
    shard 310/315: 43690/49858 geometries, 12421s
    shard 310/315: 43947/49858 geometries, 12660s
    shard 310/315: 44204/49858 geometries, 12728s
    shard 310/315: 44461/49858 geometries, 13081s
    shard 310/315: 44718/49858 geometries, 13247s
    shard 310/315: 44975/49858 geometries, 13397s
    shard 310/315: 45232/49858 geometries, 13465s
    shard 310/315: 45489/49858 geometries, 13618s
    shard 310/315: 46003/49858 geometries, 13750s
    shard 310/315: 46517/49858 geometries, 13815s
    shard 310/315: 47031/49858 geometries, 13949s
    shard 310/315: 48059/49858 geometries, 14105s
    shard 310/315: 48316/49858 geometries, 14205s
    shard 310/315: 48573/49858 geometries, 14269s
    shard 310/315: 48830/49858 geometries, 14412s
    shard 310/315: 49601/49858 geometries, 14480s
    shard 310/315: 49858/49858 geometries, 14802s
[13/16] shard 310: 194 reps (m=8..8), 49858 geometries, 38583 entries, max kappa 9, max mu 7, 14801.7s, FAILED 16  | 1886.2 min elapsed, ~435 min left
    shard 311/315: 1542/49779 geometries, 75s
    shard 311/315: 2056/49779 geometries, 254s
    shard 311/315: 2313/49779 geometries, 344s
    shard 311/315: 2570/49779 geometries, 475s
    shard 311/315: 3341/49779 geometries, 576s
    shard 311/315: 3598/49779 geometries, 645s
    shard 311/315: 4626/49779 geometries, 766s
    shard 311/315: 4883/49779 geometries, 850s
    shard 311/315: 5140/49779 geometries, 992s
    shard 311/315: 5397/49779 geometries, 1122s
    shard 311/315: 5911/49779 geometries, 1790s
    shard 311/315: 6168/49779 geometries, 1913s
    shard 311/315: 6425/49779 geometries, 2024s
    shard 311/315: 7196/49779 geometries, 2107s
    shard 311/315: 7453/49779 geometries, 2287s
    shard 311/315: 7710/49779 geometries, 2411s
    shard 311/315: 8224/49779 geometries, 2544s
    shard 311/315: 8738/49779 geometries, 2627s
    shard 311/315: 9252/49779 geometries, 2716s
    shard 311/315: 9765/49779 geometries, 2835s
    shard 311/315: 10791/49779 geometries, 2966s
    shard 311/315: 11817/49779 geometries, 3095s
    shard 311/315: 12843/49779 geometries, 3234s
    shard 311/315: 13869/49779 geometries, 3360s
    shard 311/315: 14382/49779 geometries, 3435s
    shard 311/315: 14895/49779 geometries, 3514s
    shard 311/315: 15408/49779 geometries, 3617s
    shard 311/315: 15921/49779 geometries, 3763s
    shard 311/315: 16434/49779 geometries, 3854s
    shard 311/315: 16947/49779 geometries, 3936s
    shard 311/315: 17973/49779 geometries, 4079s
    shard 311/315: 18999/49779 geometries, 4220s
    shard 311/315: 19512/49779 geometries, 4376s
    shard 311/315: 20025/49779 geometries, 4473s
    shard 311/315: 21051/49779 geometries, 4618s
    shard 311/315: 22077/49779 geometries, 4763s
    shard 311/315: 23103/49779 geometries, 4908s
    shard 311/315: 24129/49779 geometries, 5053s
    shard 311/315: 25155/49779 geometries, 5181s
    shard 311/315: 26181/49779 geometries, 5332s
    shard 311/315: 27207/49779 geometries, 5446s
    shard 311/315: 27720/49779 geometries, 5534s
    shard 311/315: 28233/49779 geometries, 5601s
    shard 311/315: 28746/49779 geometries, 5687s
    shard 311/315: 29259/49779 geometries, 5767s
    shard 311/315: 29772/49779 geometries, 5876s
    shard 311/315: 30798/49779 geometries, 6026s
    shard 311/315: 31824/49779 geometries, 6122s
    shard 311/315: 32337/49779 geometries, 6210s
    shard 311/315: 34389/49779 geometries, 6293s
    shard 311/315: 36441/49779 geometries, 6424s
    shard 311/315: 38493/49779 geometries, 6540s
    shard 311/315: 39006/49779 geometries, 6613s
    shard 311/315: 39519/49779 geometries, 6684s
    shard 311/315: 40545/49779 geometries, 6816s
    shard 311/315: 41058/49779 geometries, 6888s
    shard 311/315: 41571/49779 geometries, 6974s
    shard 311/315: 42597/49779 geometries, 7119s
    shard 311/315: 43623/49779 geometries, 7252s
    shard 311/315: 44136/49779 geometries, 7326s
    shard 311/315: 45162/49779 geometries, 7496s
    shard 311/315: 46188/49779 geometries, 7641s
    shard 311/315: 47727/49779 geometries, 7776s
    shard 311/315: 48753/49779 geometries, 7905s
    shard 311/315: 49266/49779 geometries, 7974s
    shard 311/315: 49779/49779 geometries, 8144s
[14/16] shard 311: 115 reps (m=8..9), 49779 geometries, 16077 entries, max kappa 9, max mu 6, 8143.9s, FAILED 6  | 2022.0 min elapsed, ~288 min left
    shard 312/315: 513/49800 geometries, 131s
    shard 312/315: 1539/49800 geometries, 271s
    shard 312/315: 2565/49800 geometries, 406s
    shard 312/315: 3078/49800 geometries, 605s
    shard 312/315: 4104/49800 geometries, 797s
    shard 312/315: 5130/49800 geometries, 923s
    shard 312/315: 6156/49800 geometries, 1051s
    shard 312/315: 7182/49800 geometries, 1271s
    shard 312/315: 7695/49800 geometries, 1391s
    shard 312/315: 8721/49800 geometries, 1521s
    shard 312/315: 9747/49800 geometries, 1647s
    shard 312/315: 10773/49800 geometries, 1809s
    shard 312/315: 11799/49800 geometries, 1936s
    shard 312/315: 12825/49800 geometries, 2067s
    shard 312/315: 14364/49800 geometries, 2130s
    shard 312/315: 14877/49800 geometries, 2225s
    shard 312/315: 15903/49800 geometries, 2393s
    shard 312/315: 16929/49800 geometries, 2498s
    shard 312/315: 17955/49800 geometries, 2573s
    shard 312/315: 18468/49800 geometries, 2680s
    shard 312/315: 19494/49800 geometries, 2751s
    shard 312/315: 20007/49800 geometries, 2814s
    shard 312/315: 21033/49800 geometries, 2972s
    shard 312/315: 22059/49800 geometries, 3039s
    shard 312/315: 23085/49800 geometries, 3404s
    shard 312/315: 24110/49800 geometries, 3516s
    shard 312/315: 25135/49800 geometries, 3629s
    shard 312/315: 26160/49800 geometries, 3741s
    shard 312/315: 27185/49800 geometries, 3853s
    shard 312/315: 28212/49800 geometries, 4054s
    shard 312/315: 28469/49800 geometries, 11251s
    shard 312/315: 28726/49800 geometries, 11426s
    shard 312/315: 28983/49800 geometries, 11501s
    shard 312/315: 29240/49800 geometries, 12542s
    shard 312/315: 29497/49800 geometries, 18940s
    shard 312/315: 29754/49800 geometries, 20201s
    shard 312/315: 30011/49800 geometries, 20562s
    shard 312/315: 30268/49800 geometries, 21234s
    shard 312/315: 30525/49800 geometries, 21425s
    shard 312/315: 30782/49800 geometries, 26487s
    shard 312/315: 31039/49800 geometries, 29060s
    shard 312/315: 31296/49800 geometries, 29329s
    shard 312/315: 31553/49800 geometries, 29572s
    shard 312/315: 31810/49800 geometries, 33968s
    shard 312/315: 32067/49800 geometries, 34041s
    shard 312/315: 32324/49800 geometries, 35028s
    shard 312/315: 32581/49800 geometries, 35251s
    shard 312/315: 32838/49800 geometries, 35621s
    shard 312/315: 33095/49800 geometries, 37108s
    shard 312/315: 33352/49800 geometries, 37231s
    shard 312/315: 33609/49800 geometries, 38364s
    shard 312/315: 33866/49800 geometries, 38996s
    shard 312/315: 34123/49800 geometries, 39079s
    shard 312/315: 34380/49800 geometries, 39172s
    shard 312/315: 34637/49800 geometries, 39338s
    shard 312/315: 34894/49800 geometries, 39500s
    shard 312/315: 35151/49800 geometries, 39645s
    shard 312/315: 35408/49800 geometries, 41712s
    shard 312/315: 35665/49800 geometries, 41794s
    shard 312/315: 35922/49800 geometries, 42039s
    shard 312/315: 36179/49800 geometries, 42119s
    shard 312/315: 36436/49800 geometries, 42763s
    shard 312/315: 36693/49800 geometries, 42893s
    shard 312/315: 36950/49800 geometries, 43017s
    shard 312/315: 37207/49800 geometries, 43146s
    shard 312/315: 37721/49800 geometries, 43267s
    shard 312/315: 38235/49800 geometries, 43622s
    shard 312/315: 38492/49800 geometries, 43932s
    shard 312/315: 38749/49800 geometries, 44450s
    shard 312/315: 39006/49800 geometries, 44847s
    shard 312/315: 39520/49800 geometries, 45030s
    shard 312/315: 40034/49800 geometries, 45337s
    shard 312/315: 40548/49800 geometries, 45457s
    shard 312/315: 40805/49800 geometries, 45749s
    shard 312/315: 41062/49800 geometries, 45991s
    shard 312/315: 41319/49800 geometries, 46333s
    shard 312/315: 41576/49800 geometries, 46631s
    shard 312/315: 41833/49800 geometries, 46785s
    shard 312/315: 42090/49800 geometries, 46883s
    shard 312/315: 42347/49800 geometries, 47045s
    shard 312/315: 42604/49800 geometries, 47458s
    shard 312/315: 42861/49800 geometries, 47534s
    shard 312/315: 43118/49800 geometries, 47654s
    shard 312/315: 43375/49800 geometries, 47718s
    shard 312/315: 43632/49800 geometries, 47924s
    shard 312/315: 43889/49800 geometries, 48070s
    shard 312/315: 44146/49800 geometries, 48181s
    shard 312/315: 44403/49800 geometries, 48278s
    shard 312/315: 44660/49800 geometries, 48507s
    shard 312/315: 44917/49800 geometries, 48912s
    shard 312/315: 45174/49800 geometries, 48978s
    shard 312/315: 45431/49800 geometries, 49237s
    shard 312/315: 45945/49800 geometries, 49485s
    shard 312/315: 46202/49800 geometries, 56545s
    shard 312/315: 46459/49800 geometries, 56759s
    shard 312/315: 46716/49800 geometries, 63717s
    shard 312/315: 46973/49800 geometries, 64024s
    shard 312/315: 47230/49800 geometries, 70901s
    shard 312/315: 47487/49800 geometries, 71172s
    shard 312/315: 47744/49800 geometries, 78197s
    shard 312/315: 48001/49800 geometries, 78420s
    shard 312/315: 48258/49800 geometries, 85609s
    shard 312/315: 48515/49800 geometries, 85737s
    shard 312/315: 48772/49800 geometries, 93006s
    shard 312/315: 49029/49800 geometries, 93331s
    shard 312/315: 49286/49800 geometries, 100394s
    shard 312/315: 49543/49800 geometries, 100675s
    shard 312/315: 49800/49800 geometries, 106816s
[15/16] shard 312: 136 reps (m=9..8), 49800 geometries, 18651 entries, max kappa 10, max mu 6, 106816.6s, FAILED 9  | 3802.3 min elapsed, ~253 min left
    shard 313/315: 257/49584 geometries, 7166s
    shard 313/315: 771/49584 geometries, 14441s
    shard 313/315: 1028/49584 geometries, 14503s
    shard 313/315: 1285/49584 geometries, 21745s
    shard 313/315: 1542/49584 geometries, 21819s
    shard 313/315: 1799/49584 geometries, 28898s
    shard 313/315: 2056/49584 geometries, 29046s
    shard 313/315: 2313/49584 geometries, 36025s
    shard 313/315: 2570/49584 geometries, 36114s
    shard 313/315: 2827/49584 geometries, 43234s
    shard 313/315: 3084/49584 geometries, 43353s
    shard 313/315: 3341/49584 geometries, 50306s
    shard 313/315: 3598/49584 geometries, 50410s
    shard 313/315: 3855/49584 geometries, 57364s
    shard 313/315: 4112/49584 geometries, 57430s
    shard 313/315: 4369/49584 geometries, 64503s
    shard 313/315: 4626/49584 geometries, 64634s
    shard 313/315: 4883/49584 geometries, 64696s
    shard 313/315: 5140/49584 geometries, 64798s
    shard 313/315: 5397/49584 geometries, 65171s
    shard 313/315: 5654/49584 geometries, 65242s
    shard 313/315: 5911/49584 geometries, 65506s
    shard 313/315: 6168/49584 geometries, 65623s
    shard 313/315: 6425/49584 geometries, 66000s
    shard 313/315: 6682/49584 geometries, 66111s
    shard 313/315: 7196/49584 geometries, 66269s
    shard 313/315: 7710/49584 geometries, 66372s
    shard 313/315: 7967/49584 geometries, 66557s
    shard 313/315: 8224/49584 geometries, 66652s
    shard 313/315: 8481/49584 geometries, 66746s
    shard 313/315: 8995/49584 geometries, 66932s
    shard 313/315: 9252/49584 geometries, 67197s
    shard 313/315: 9509/49584 geometries, 67298s
    shard 313/315: 9766/49584 geometries, 67410s
    shard 313/315: 10023/49584 geometries, 67544s
    shard 313/315: 10280/49584 geometries, 71829s
    shard 313/315: 10537/49584 geometries, 74787s
    shard 313/315: 10794/49584 geometries, 79031s
    shard 313/315: 11051/49584 geometries, 81940s
    shard 313/315: 11308/49584 geometries, 86342s
    shard 313/315: 11565/49584 geometries, 89055s
    shard 313/315: 11822/49584 geometries, 93413s
    shard 313/315: 12079/49584 geometries, 96360s
    shard 313/315: 12336/49584 geometries, 100505s
    shard 313/315: 12593/49584 geometries, 103552s
    shard 313/315: 12850/49584 geometries, 107800s
    shard 313/315: 13364/49584 geometries, 110596s
    shard 313/315: 13621/49584 geometries, 110908s
    shard 313/315: 13878/49584 geometries, 111247s
    shard 313/315: 14135/49584 geometries, 112324s
    shard 313/315: 14392/49584 geometries, 113032s
    shard 313/315: 14649/49584 geometries, 115109s
    shard 313/315: 14906/49584 geometries, 115207s
    shard 313/315: 15163/49584 geometries, 115401s
    shard 313/315: 15420/49584 geometries, 115531s
    shard 313/315: 15677/49584 geometries, 115657s
    shard 313/315: 15934/49584 geometries, 115775s
    shard 313/315: 16191/49584 geometries, 115929s
    shard 313/315: 16448/49584 geometries, 116161s
    shard 313/315: 16705/49584 geometries, 116493s
    shard 313/315: 16962/49584 geometries, 120421s
    shard 313/315: 17219/49584 geometries, 123645s
    shard 313/315: 17733/49584 geometries, 123929s
    shard 313/315: 17990/49584 geometries, 124321s
    shard 313/315: 18247/49584 geometries, 124488s
    shard 313/315: 18504/49584 geometries, 124959s
    shard 313/315: 18761/49584 geometries, 125437s
    shard 313/315: 19018/49584 geometries, 127539s
    shard 313/315: 19275/49584 geometries, 132559s
    shard 313/315: 19532/49584 geometries, 134584s
    shard 313/315: 19789/49584 geometries, 134851s
    shard 313/315: 20046/49584 geometries, 135138s
    shard 313/315: 20560/49584 geometries, 135573s
    shard 313/315: 20817/49584 geometries, 135686s
    shard 313/315: 21074/49584 geometries, 136228s
    shard 313/315: 21331/49584 geometries, 136830s
    shard 313/315: 21588/49584 geometries, 136897s
    shard 313/315: 21845/49584 geometries, 139646s
    shard 313/315: 22102/49584 geometries, 144155s
    shard 313/315: 22359/49584 geometries, 146852s
    shard 313/315: 22616/49584 geometries, 147061s
    shard 313/315: 22873/49584 geometries, 147319s
    shard 313/315: 23130/49584 geometries, 151525s
    shard 313/315: 23387/49584 geometries, 151792s
    shard 313/315: 23644/49584 geometries, 152494s
    shard 313/315: 23901/49584 geometries, 152961s
    shard 313/315: 24158/49584 geometries, 153742s
    shard 313/315: 24415/49584 geometries, 154696s
    shard 313/315: 24672/49584 geometries, 155026s
    shard 313/315: 24929/49584 geometries, 155248s
    shard 313/315: 25186/49584 geometries, 155542s
    shard 313/315: 25443/49584 geometries, 155774s
    shard 313/315: 25700/49584 geometries, 155845s
    shard 313/315: 25957/49584 geometries, 156126s
    shard 313/315: 26214/49584 geometries, 156274s
    shard 313/315: 26471/49584 geometries, 156356s
    shard 313/315: 26728/49584 geometries, 156565s
    shard 313/315: 26985/49584 geometries, 156760s
    shard 313/315: 27242/49584 geometries, 157074s
    shard 313/315: 27756/49584 geometries, 157269s
    shard 313/315: 28013/49584 geometries, 157410s
    shard 313/315: 28270/49584 geometries, 157640s
    shard 313/315: 28527/49584 geometries, 157724s
    shard 313/315: 28784/49584 geometries, 157879s
    shard 313/315: 29041/49584 geometries, 158004s
    shard 313/315: 29298/49584 geometries, 158132s
    shard 313/315: 29812/49584 geometries, 158669s
    shard 313/315: 30069/49584 geometries, 158760s
    shard 313/315: 30326/49584 geometries, 159036s
    shard 313/315: 30583/49584 geometries, 159192s
    shard 313/315: 30840/49584 geometries, 159267s
    shard 313/315: 31097/49584 geometries, 159605s
    shard 313/315: 31354/49584 geometries, 160136s
    shard 313/315: 31611/49584 geometries, 161075s
    shard 313/315: 31868/49584 geometries, 161876s
    shard 313/315: 32125/49584 geometries, 161967s
    shard 313/315: 32382/49584 geometries, 162273s
    shard 313/315: 32639/49584 geometries, 162924s
    shard 313/315: 32896/49584 geometries, 163076s
    shard 313/315: 33153/49584 geometries, 163172s
    shard 313/315: 33410/49584 geometries, 163314s
    shard 313/315: 33924/49584 geometries, 164008s
    shard 313/315: 34438/49584 geometries, 164277s
    shard 313/315: 34695/49584 geometries, 164479s
    shard 313/315: 34952/49584 geometries, 164675s
    shard 313/315: 35209/49584 geometries, 165007s
    shard 313/315: 35466/49584 geometries, 165284s
    shard 313/315: 35723/49584 geometries, 166252s
    shard 313/315: 35980/49584 geometries, 166669s
    shard 313/315: 36237/49584 geometries, 166824s
    shard 313/315: 36494/49584 geometries, 166902s
    shard 313/315: 36751/49584 geometries, 167165s
    shard 313/315: 37008/49584 geometries, 167240s
    shard 313/315: 37265/49584 geometries, 168774s
    shard 313/315: 37522/49584 geometries, 169035s
    shard 313/315: 37779/49584 geometries, 169343s
    shard 313/315: 38036/49584 geometries, 169703s
    shard 313/315: 38293/49584 geometries, 170471s
    shard 313/315: 38550/49584 geometries, 170799s
    shard 313/315: 38807/49584 geometries, 171175s
    shard 313/315: 39064/49584 geometries, 171275s
    shard 313/315: 39321/49584 geometries, 171450s
    shard 313/315: 39578/49584 geometries, 171517s
    shard 313/315: 39835/49584 geometries, 171692s
    shard 313/315: 40092/49584 geometries, 171814s
    shard 313/315: 40349/49584 geometries, 172725s
    shard 313/315: 40863/49584 geometries, 172818s
    shard 313/315: 41376/49584 geometries, 173211s
    shard 313/315: 41889/49584 geometries, 173272s
    shard 313/315: 42402/49584 geometries, 173497s
    shard 313/315: 42915/49584 geometries, 173603s
    shard 313/315: 43428/49584 geometries, 174081s
    shard 313/315: 44454/49584 geometries, 174311s
    shard 313/315: 44967/49584 geometries, 174570s
    shard 313/315: 45480/49584 geometries, 174662s
    shard 313/315: 45993/49584 geometries, 174738s
    shard 313/315: 46506/49584 geometries, 174917s
    shard 313/315: 47019/49584 geometries, 175375s
    shard 313/315: 48045/49584 geometries, 175651s
    shard 313/315: 49071/49584 geometries, 175890s
    shard 313/315: 49584/49584 geometries, 175960s
[16/16] shard 313: 176 reps (m=8..9), 49584 geometries, 29537 entries, max kappa 10, max mu 7, 175960.1s, FAILED 10  | 6735.0 min elapsed, ~0 min left
done: 16 shard(s), 796197 geometries in 404101s; 67 FAILED geometries -- the source is incomplete
